[2026-07-01 12:04:59,714] root                                               [DEBUG  ]  Logging to file: /data/scratch/349283/tmpawtattfs/multiqc.log
[2026-07-01 12:04:59,733] multiqc.core.update_config                         [DEBUG  ]  This is MultiQC v1.29
[2026-07-01 12:04:59,733] multiqc.core.update_config                         [DEBUG  ]  Running Python 3.14.6 | packaged by conda-forge | (main, Jun 12 2026, 08:51:42) [GCC 14.3.0]
[2026-07-01 12:04:59,929] multiqc.config                                     [INFO   ]  Loading config settings from: multiqc_config.yml
[2026-07-01 12:04:59,930] multiqc.config                                     [DEBUG  ]  New config: {'report_comment': 'This report has been generated by the <a href="https://github.com/acg-team/nextflow-pvacseq" target="_blank">nextflow_pvacseq</a> analysis pipeline. For information about how to interpret these results, please see the <a href="https://github.com/acg-team/nextflow-pvacseq/blob/master/docs/output.md" target="_blank">documentation</a>.\n', 'report_section_order': {'nextflow-pvacseq-methods-description': {'order': -1000}, 'software_versions': {'order': -1001}, 'nextflow-pvacseq-summary': {'order': -1002}}, 'export_plots': True, 'disable_version_detection': True}
[2026-07-01 12:04:59,933] multiqc.core.update_config                         [INFO   ]  Report title: pVACseq pipeline
[2026-07-01 12:04:59,944] urllib3.connectionpool                             [DEBUG  ]  Starting new HTTPS connection (1): api.multiqc.info:443
[2026-07-01 12:05:00,090] urllib3.connectionpool                             [DEBUG  ]  https://api.multiqc.info:443 "GET /version?version_multiqc=1.29&version_python=3.14.6&operating_system=Linux&is_docker=False&is_singularity=False&is_conda=True&is_ci=False&is_notebook=False&ai_summary=False&ai_summary_full=False&ai_provider=seqera HTTP/1.1" 200 178
[2026-07-01 12:05:00,091] multiqc.core.version_check                         [WARNING]  MultiQC Version v1.35 now available!
[2026-07-01 12:05:00,091] multiqc.core.version_check                         [DEBUG  ]  Latest MultiQC version is v1.35, released 2026-05-13
[2026-07-01 12:05:00,091] multiqc.multiqc                                    [DEBUG  ]  Working dir : /cfs/earth/scratch/paleslui/gbm_nmd_pipeline/nextflow_work/75/d74143de68d513f492f376beef334e
[2026-07-01 12:05:00,091] multiqc.multiqc                                    [DEBUG  ]  Template    : default
[2026-07-01 12:05:00,092] multiqc.multiqc                                    [DEBUG  ]  Command used: /cfs/earth/scratch/paleslui/gbm_nmd_pipeline/nextflow_work/conda/env-55e377717f27765e46a811a08ed80f85/bin/multiqc --force --title pVACseq pipeline --config multiqc_config.yml .
[2026-07-01 12:05:00,092] multiqc.core.file_search                           [INFO   ]  Search path: /cfs/earth/scratch/paleslui/gbm_nmd_pipeline/nextflow_work/75/d74143de68d513f492f376beef334e
[2026-07-01 12:05:00,092] multiqc.core.file_search                           [DEBUG  ]  Analysing modules: bases2fastq, cellranger_arc, cells2stats, custom_content, ccs, ngsderive, purple, conpair, isoseq, lima, peddy, percolator, haplocheck, somalier, methylqa, mosdepth, phantompeakqualtools, qualimap, bamdst, preseq, hifiasm, quast, qorts, rna_seqc, rockhopper, rsem, rseqc, busco, checkm, bustools, goleft_indexcov, gffcompare, disambiguate, supernova, deeptools, sargasso, verifybamid, mirtrace, happy, mirtop, glimpse, gopeaks, homer, hops, macs2, theta2, snpeff, gatk, htseq, bcftools, featurecounts, fgbio, dragen, dragen_fastqc, dedup, pbmarkdup, damageprofiler, mapdamage, biobambam2, jcvi, mtnucratio, picard, vep, bakta, prokka, checkm2, qc3C, nanoq, nanostat, samblaster, samtools, bamtools, sambamba, ngsbits, pairtools, sexdeterrmine, seqera_cli, eigenstratdatabasetools, jellyfish, vcftools, longranger, stacks, varscan2, snippy, umicollapse, umitools, truvari, megahit, ganon, gtdbtk, bbmap, bismark, biscuit, diamond, hicexplorer, hicup, hicpro, salmon, kallisto, slamdunk, star, hisat2, tophat, bowtie2, bowtie1, hostile, cellranger, snpsplit, odgi, vg, pangolin, nextclade, freyja, humid, kat, leehom, librarian, nonpareil, adapterremoval, bbduk, clipandmerge, cutadapt, flexbar, sourmash, kaiju, kraken, malt, motus, trimmomatic, sickle, skewer, sortmerna, biobloomtools, fastq_screen, afterqc, fastp, fastqc, sequali, filtlong, prinseqplusplus, pychopper, porechop, pycoqc, minionqc, anglerfish, multivcfanalyzer, clusterflow, checkqc, bcl2fastq, bclconvert, interop, ivar, flash, seqyclean, optitype, whatshap, spaceranger, xenome, xengsort, metaphlan, seqwho, telseq, ataqv, mgikit, mosaicatcher, software_versions
[2026-07-01 12:05:00,092] multiqc.core.file_search                           [DEBUG  ]  Search keys: adapterremoval, afterqc, anglerfish, ataqv, bakta, bamdst, bamtools, bases2fastq, bbduk, bbmap, bcftools, bcl2fastq, bclconvert, biobambam2, biobloomtools, biscuit, bismark, bowtie1, bowtie2, busco, bustools, ccs, cellranger, cellranger_arc, cells2stats, checkm, checkm2, checkqc, clipandmerge, clusterflow, conpair, custom_content, cutadapt, damageprofiler, dedup, deeptools, diamond, disambiguate, dragen, dragen_fastqc, eigenstratdatabasetools, fastp, fastq_screen, fastqc, featurecounts, fgbio, filtlong, flash, flexbar, freyja, ganon, gatk, gffcompare, glimpse, goleft_indexcov, gopeaks, gtdbtk, haplocheck, happy, hicexplorer, hicpro, hicup, hifiasm, hisat2, homer, hops, hostile, htseq, humid, interop, isoseq, ivar, jcvi, jellyfish, kaiju, kallisto, kat, kraken, leehom, librarian, lima, longranger, macs2, malt, mapdamage, megahit, metaphlan, methylqa, mgikit, minionqc, mirtop, mirtrace, mosaicatcher, mosdepth, motus, mtnucratio, multiqc_data, multivcfanalyzer, nanoq, nanostat, nextclade, ngsbits, ngsderive, nonpareil, odgi, optitype, pairtools, pangolin, pbmarkdup, peddy, percolator, phantompeakqualtools, picard, porechop, preseq, prinseqplusplus, prokka, purple, pychopper, pycoqc, qc3C, qorts, qualimap, quast, rna_seqc, rockhopper, rsem, rseqc, salmon, sambamba, samblaster, samtools, sargasso, seqera_cli, sequali, seqwho, seqyclean, sexdeterrmine, sickle, skewer, slamdunk, snippy, snpeff, snpsplit, software_versions, somalier, sortmerna, sourmash, spaceranger, stacks, star, supernova, telseq, theta2, tophat, trimmomatic, truvari, umicollapse, umitools, varscan2, vcftools, vep, verifybamid, vg, whatshap, xengsort, xenome
[2026-07-01 12:05:02,893] multiqc.report                                     [DEBUG  ]  Summary of files that were skipped by the search: |skipped_module_specific_max_filesize: 169|, |skipped_no_match: 122|, |skipped_ignore_pattern: 56|
[2026-07-01 12:05:02,894] multiqc.core.exec_modules                          [DEBUG  ]  Running module: custom_content
[2026-07-01 12:05:02,911] multiqc.core.special_case_modules.custom_content   [WARNING]  Error parsing YAML file 'methods_description_mqc.yaml' (probably invalid YAML)
[2026-07-01 12:05:02,911] multiqc.core.special_case_modules.custom_content   [DEBUG  ]  YAML error: while scanning a simple key
  in "<unicode string>", line 15, column 1:
    Hundal J, Kiwala S, McMichael J, ... 
    ^
could not find expected ':'
  in "<unicode string>", line 16, column 1:
    pVACtools: a computational toolk ... 
    ^
Traceback (most recent call last):
  File "/cfs/earth/scratch/paleslui/gbm_nmd_pipeline/nextflow_work/conda/env-55e377717f27765e46a811a08ed80f85/lib/python3.14/site-packages/multiqc/core/special_case_modules/custom_content.py", line 122, in custom_module_classes
    parsed_dict = yaml.safe_load(f["f"])
  File "/cfs/earth/scratch/paleslui/gbm_nmd_pipeline/nextflow_work/conda/env-55e377717f27765e46a811a08ed80f85/lib/python3.14/site-packages/yaml/__init__.py", line 125, in safe_load
    return load(stream, SafeLoader)
  File "/cfs/earth/scratch/paleslui/gbm_nmd_pipeline/nextflow_work/conda/env-55e377717f27765e46a811a08ed80f85/lib/python3.14/site-packages/yaml/__init__.py", line 81, in load
    return loader.get_single_data()
           ~~~~~~~~~~~~~~~~~~~~~~^^
  File "/cfs/earth/scratch/paleslui/gbm_nmd_pipeline/nextflow_work/conda/env-55e377717f27765e46a811a08ed80f85/lib/python3.14/site-packages/yaml/constructor.py", line 49, in get_single_data
    node = self.get_single_node()
  File "/cfs/earth/scratch/paleslui/gbm_nmd_pipeline/nextflow_work/conda/env-55e377717f27765e46a811a08ed80f85/lib/python3.14/site-packages/yaml/composer.py", line 36, in get_single_node
    document = self.compose_document()
  File "/cfs/earth/scratch/paleslui/gbm_nmd_pipeline/nextflow_work/conda/env-55e377717f27765e46a811a08ed80f85/lib/python3.14/site-packages/yaml/composer.py", line 55, in compose_document
    node = self.compose_node(None, None)
  File "/cfs/earth/scratch/paleslui/gbm_nmd_pipeline/nextflow_work/conda/env-55e377717f27765e46a811a08ed80f85/lib/python3.14/site-packages/yaml/composer.py", line 84, in compose_node
    node = self.compose_mapping_node(anchor)
  File "/cfs/earth/scratch/paleslui/gbm_nmd_pipeline/nextflow_work/conda/env-55e377717f27765e46a811a08ed80f85/lib/python3.14/site-packages/yaml/composer.py", line 127, in compose_mapping_node
    while not self.check_event(MappingEndEvent):
              ~~~~~~~~~~~~~~~~^^^^^^^^^^^^^^^^^
  File "/cfs/earth/scratch/paleslui/gbm_nmd_pipeline/nextflow_work/conda/env-55e377717f27765e46a811a08ed80f85/lib/python3.14/site-packages/yaml/parser.py", line 98, in check_event
    self.current_event = self.state()
                         ~~~~~~~~~~^^
  File "/cfs/earth/scratch/paleslui/gbm_nmd_pipeline/nextflow_work/conda/env-55e377717f27765e46a811a08ed80f85/lib/python3.14/site-packages/yaml/parser.py", line 428, in parse_block_mapping_key
    if self.check_token(KeyToken):
       ~~~~~~~~~~~~~~~~^^^^^^^^^^
  File "/cfs/earth/scratch/paleslui/gbm_nmd_pipeline/nextflow_work/conda/env-55e377717f27765e46a811a08ed80f85/lib/python3.14/site-packages/yaml/scanner.py", line 115, in check_token
    while self.need_more_tokens():
          ~~~~~~~~~~~~~~~~~~~~~^^
  File "/cfs/earth/scratch/paleslui/gbm_nmd_pipeline/nextflow_work/conda/env-55e377717f27765e46a811a08ed80f85/lib/python3.14/site-packages/yaml/scanner.py", line 152, in need_more_tokens
    self.stale_possible_simple_keys()
    ~~~~~~~~~~~~~~~~~~~~~~~~~~~~~~~^^
  File "/cfs/earth/scratch/paleslui/gbm_nmd_pipeline/nextflow_work/conda/env-55e377717f27765e46a811a08ed80f85/lib/python3.14/site-packages/yaml/scanner.py", line 291, in stale_possible_simple_keys
    raise ScannerError("while scanning a simple key", key.mark,
            "could not find expected ':'", self.get_mark())
yaml.scanner.ScannerError: while scanning a simple key
  in "<unicode string>", line 15, column 1:
    Hundal J, Kiwala S, McMichael J, ... 
    ^
could not find expected ':'
  in "<unicode string>", line 16, column 1:
    pVACtools: a computational toolk ... 
    ^
[2026-07-01 12:05:03,043] multiqc.core.exec_modules                          [DEBUG  ]  No samples found: custom_content
[2026-07-01 12:05:03,044] multiqc.core.exec_modules                          [DEBUG  ]  Running module: vep
[2026-07-01 12:05:03,381] multiqc.modules.vep.vep                            [INFO   ]  Found 56 VEP summaries
[2026-07-01 12:05:03,382] multiqc.report                                     [DEBUG  ]  Wrote data file vep.txt
[2026-07-01 12:05:03,388] multiqc.report                                     [DEBUG  ]  Wrote data file vep.json
[2026-07-01 12:05:03,388] multiqc.plots.table_object                         [DEBUG  ]  Table key 'Overlapped regulatory features' not found in data for 'vep-general-stats'. Skipping. Check for possible typos between data keys and header keys
[2026-07-01 12:05:03,388] multiqc.plots.table_object                         [DEBUG  ]  Table key 'Existing variants' not found in data for 'vep-general-stats'. Skipping. Check for possible typos between data keys and header keys
[2026-07-01 12:05:03,388] multiqc.plots.table_object                         [DEBUG  ]  Table key 'Novel variants' not found in data for 'vep-general-stats'. Skipping. Check for possible typos between data keys and header keys
[2026-07-01 12:05:03,762] multiqc.base_module                                [DEBUG  ]  vep: deleting attribute self.vep_data
[2026-07-01 12:05:03,762] multiqc.core.software_versions                     [DEBUG  ]  Reading software versions from config.software_versions
[2026-07-01 12:05:03,771] multiqc.core.order_modules_and_sections            [DEBUG  ]  config.report_section_order: module 'nextflow-pvacseq-methods-description' not found.
[2026-07-01 12:05:03,771] multiqc.core.order_modules_and_sections            [DEBUG  ]  config.report_section_order: module 'software_versions' not found.
[2026-07-01 12:05:03,771] multiqc.core.order_modules_and_sections            [DEBUG  ]  config.report_section_order: module 'nextflow-pvacseq-summary' not found.
[2026-07-01 12:05:03,771] multiqc.core.write_results                         [INFO   ]  Rendering plots. Export plots to formats png, svg, pdf is requested, so it might take a while. To disable plot export, set `export_plots: false` in config, or remove the `--export-plots` command line flag
[2026-07-01 12:05:30,300] multiqc.core.write_results                         [DEBUG  ]  Exporting plot data to files
[2026-07-01 12:05:30,301] multiqc.report                                     [DEBUG  ]  Wrote data file vep-general-stats.txt
[2026-07-01 12:05:30,301] multiqc.report                                     [DEBUG  ]  Wrote data file variant_classes_plot.txt
[2026-07-01 12:05:30,302] multiqc.report                                     [DEBUG  ]  Wrote data file consequences_all__plot_Consequences_most_severe_.txt
[2026-07-01 12:05:30,302] multiqc.report                                     [DEBUG  ]  Wrote data file consequences_all__plot_Coding_consequences.txt
[2026-07-01 12:05:30,303] multiqc.report                                     [DEBUG  ]  Wrote data file consequences_all__plot_Consequences_all_.txt
[2026-07-01 12:05:30,304] multiqc.report                                     [DEBUG  ]  Wrote data file variants_by_chromosome_plot.txt
[2026-07-01 12:05:30,304] multiqc.report                                     [DEBUG  ]  Wrote data file position_in_protein_plot.txt
[2026-07-01 12:05:30,304] multiqc.core.write_results                         [DEBUG  ]  Moving data file from '/data/scratch/349283/tmpawtattfs/multiqc_data' to '/cfs/earth/scratch/paleslui/gbm_nmd_pipeline/nextflow_work/75/d74143de68d513f492f376beef334e/pVACseq-pipeline_multiqc_report_data'
[2026-07-01 12:05:30,536] multiqc.core.write_results                         [INFO   ]  Data        : pVACseq-pipeline_multiqc_report_data
[2026-07-01 12:05:31,692] multiqc.core.write_results                         [DEBUG  ]  Compressing plot data
[2026-07-01 12:05:31,822] multiqc.core.write_results                         [INFO   ]  Report      : pVACseq-pipeline_multiqc_report.html
[2026-07-01 12:05:31,822] multiqc.core.write_results                         [DEBUG  ]  Moving plots directory from '/data/scratch/349283/tmpawtattfs/multiqc_plots' to '/cfs/earth/scratch/paleslui/gbm_nmd_pipeline/nextflow_work/75/d74143de68d513f492f376beef334e/pVACseq-pipeline_multiqc_report_plots'
[2026-07-01 12:05:31,959] multiqc.core.write_results                         [INFO   ]  Plots       : pVACseq-pipeline_multiqc_report_plots
[2026-07-01 12:05:31,959] multiqc.core.write_results                         [DEBUG  ]  Report HTML written to /cfs/earth/scratch/paleslui/gbm_nmd_pipeline/nextflow_work/75/d74143de68d513f492f376beef334e/pVACseq-pipeline_multiqc_report.html
